     1                                  ;app.asm
     2                                  section .data
     3 00000000 7B                          bNum db 123
     4 00000001 3930                        wNum dw 12345
     5 00000003 39300000                    dNum dd 12345
     6 00000007 79DF0D8648700000            qNum1 dq 123456789012345
     7 0000000F 40E2010000000000            qNum2 dq 123456
     8 00000017 1F85EB51B81E0940            qNum dq 3.14
     9                                  section .bss
    10                                  section .text
    11                                      global main
    12                                  main:
    13 00000000 55                      push rbp
    14 00000001 4889E5                  mov rbp,rsp
    15 00000004 48C7C0FFFFFFFF              mov rax,-1
    16 0000000B 8A0425[00000000]            mov al,byte [bNum]
    17 00000012 4831C0                      xor rax,rax
    18 00000015 8A0425[00000000]            mov al,byte [bNum]
    19 0000001C 48C7C0FFFFFFFF              mov rax,-1
    20 00000023 668B0425[01000000]          mov ax,word [wNum]
    21 0000002B 4831C0                      xor rax,rax
    22 0000002E 668B0425[01000000]          mov ax,word [wNum]
    23 00000036 48C7C0FFFFFFFF              mov rax,-1
    24                                  
    25 0000003D 4889EC                      mov rsp,rbp
    26 00000040 5D                          pop rbp
    27 00000041 C3                          ret
    28                                  
    29                                  
